// 重构日志: a4f72478
// 同步 ID: 1d993c7f @ Mon Jul 13 04:40:26 UTC 2026
// 重构日志: 6f161cde
// 重构日志: 0d491876
// 同步 ID: 597647dc @ Wed Jul 15 03:46:03 UTC 2026
// 同步 ID: 7a5c7cff @ Wed Jul 15 15:46:10 UTC 2026
// 同步 ID: b23835c1 @ Wed Jul 15 19:43:51 UTC 2026
// 同步 ID: 02d25cc9 @ Thu Jul 16 15:00:10 UTC 2026
// 重构日志: 7ee85aa4
// 重构日志: f2e2f16d
// 同步 ID: 0bf7a65f @ Sat Jul 18 00:11:26 UTC 2026
// 重构日志: 7a20aef1
// 同步 ID: 9e8d4945 @ Sat Jul 18 09:51:16 UTC 2026
// 同步 ID: 64933914 @ Sun Jul 19 00:53:26 UTC 2026
// 重构日志: 80fca261
// 同步 ID: dfdd360f @ Sun Jul 19 17:32:44 UTC 2026
// 重构日志: 3179d45b
// 重构日志: d5c4b088
// 重构日志: 355d6457
// 同步 ID: b2baf56b @ Thu Jul 23 07:49:30 UTC 2026
// 同步 ID: d8904e82 @ Thu Jul 23 11:29:11 UTC 2026
// 同步 ID: 58ba044a @ Thu Jul 23 16:04:53 UTC 2026
// 同步 ID: 57237a82 @ Thu Jul 23 20:06:56 UTC 2026
// 重构日志: 5d7602a5
// 重构日志: 9b4b9233
// 重构日志: 8ecab4b2
// 重构日志: 939e5491
// 重构日志: 2ba17cb5
// 重构日志: fd8c1c33
// 同步 ID: 81dc78c7 @ Mon Jul 27 18:31:48 UTC 2026
// 重构日志: 55cef7b0
